[2026-08-19T22:55:02.444+0000] {local_task_job_runner.py:120} INFO - ::group::Pre task execution logs
[2026-08-19T22:55:02.508+0000] {taskinstance.py:2076} INFO - Dependencies all met for dep_context=non-requeueable deps ti=<TaskInstance: flights_ops_medallioin_pipe.gold_aggregate manual__2026-08-19T22:54:38.610102+00:00 [queued]>
[2026-08-19T22:55:02.524+0000] {taskinstance.py:2076} INFO - Dependencies all met for dep_context=requeueable deps ti=<TaskInstance: flights_ops_medallioin_pipe.gold_aggregate manual__2026-08-19T22:54:38.610102+00:00 [queued]>
[2026-08-19T22:55:02.526+0000] {taskinstance.py:2306} INFO - Starting attempt 1 of 1
[2026-08-19T22:55:02.549+0000] {taskinstance.py:2330} INFO - Executing <Task(PythonOperator): gold_aggregate> on 2026-08-19 22:54:38.610102+00:00
[2026-08-19T22:55:02.567+0000] {standard_task_runner.py:90} INFO - Running: ['airflow', 'tasks', 'run', 'flights_ops_medallioin_pipe', 'gold_aggregate', 'manual__2026-08-19T22:54:38.610102+00:00', '--job-id', '26', '--raw', '--subdir', 'DAGS_FOLDER/flight-pipeline.py', '--cfg-path', '/tmp/tmpafk7kqxg']
[2026-08-19T22:55:02.572+0000] {standard_task_runner.py:91} INFO - Job 26: Subtask gold_aggregate
[2026-08-19T22:55:02.574+0000] {logging_mixin.py:188} WARNING - /home/airflow/.local/lib/python3.12/site-packages/airflow/task/task_runner/standard_task_runner.py:62 DeprecationWarning: This process (pid=526) is multi-threaded, use of fork() may lead to deadlocks in the child.
[2026-08-19T22:55:02.576+0000] {standard_task_runner.py:64} INFO - Started process 535 to run task
[2026-08-19T22:55:02.688+0000] {task_command.py:426} INFO - Running <TaskInstance: flights_ops_medallioin_pipe.gold_aggregate manual__2026-08-19T22:54:38.610102+00:00 [running]> on host b4db1e204f9a
[2026-08-19T22:55:02.868+0000] {taskinstance.py:2648} INFO - Exporting env vars: AIRFLOW_CTX_DAG_OWNER='airflow' AIRFLOW_CTX_DAG_ID='flights_ops_medallioin_pipe' AIRFLOW_CTX_TASK_ID='gold_aggregate' AIRFLOW_CTX_EXECUTION_DATE='2026-08-19T22:54:38.610102+00:00' AIRFLOW_CTX_TRY_NUMBER='1' AIRFLOW_CTX_DAG_RUN_ID='manual__2026-08-19T22:54:38.610102+00:00'
[2026-08-19T22:55:02.871+0000] {taskinstance.py:430} INFO - ::endgroup::
[2026-08-19T22:55:02.984+0000] {taskinstance.py:441} INFO - ::group::Post task execution logs
[2026-08-19T22:55:02.986+0000] {taskinstance.py:2905} ERROR - Task failed with exception
Traceback (most recent call last):
  File "/home/airflow/.local/lib/python3.12/site-packages/airflow/models/taskinstance.py", line 465, in _execute_task
    result = _execute_callable(context=context, **execute_callable_kwargs)
             ^^^^^^^^^^^^^^^^^^^^^^^^^^^^^^^^^^^^^^^^^^^^^^^^^^^^^^^^^^^^^
  File "/home/airflow/.local/lib/python3.12/site-packages/airflow/models/taskinstance.py", line 432, in _execute_callable
    return execute_callable(context=context, **execute_callable_kwargs)
           ^^^^^^^^^^^^^^^^^^^^^^^^^^^^^^^^^^^^^^^^^^^^^^^^^^^^^^^^^^^^
  File "/home/airflow/.local/lib/python3.12/site-packages/airflow/models/baseoperator.py", line 401, in wrapper
    return func(self, *args, **kwargs)
           ^^^^^^^^^^^^^^^^^^^^^^^^^^^
  File "/home/airflow/.local/lib/python3.12/site-packages/airflow/operators/python.py", line 235, in execute
    return_value = self.execute_callable()
                   ^^^^^^^^^^^^^^^^^^^^^^^
  File "/home/airflow/.local/lib/python3.12/site-packages/airflow/operators/python.py", line 252, in execute_callable
    return self.python_callable(*self.op_args, **self.op_kwargs)
           ^^^^^^^^^^^^^^^^^^^^^^^^^^^^^^^^^^^^^^^^^^^^^^^^^^^^^
  File "/opt/airflow/scripts/gold_aggregate.py", line 13, in run_gold_aggregate
    df.groupby('oigin_country')
  File "/home/airflow/.local/lib/python3.12/site-packages/pandas/core/frame.py", line 8869, in groupby
    return DataFrameGroupBy(
           ^^^^^^^^^^^^^^^^^
  File "/home/airflow/.local/lib/python3.12/site-packages/pandas/core/groupby/groupby.py", line 1278, in __init__
    grouper, exclusions, obj = get_grouper(
                               ^^^^^^^^^^^^
  File "/home/airflow/.local/lib/python3.12/site-packages/pandas/core/groupby/grouper.py", line 1009, in get_grouper
    raise KeyError(gpr)
KeyError: 'oigin_country'
[2026-08-19T22:55:03.022+0000] {taskinstance.py:1206} INFO - Marking task as FAILED. dag_id=flights_ops_medallioin_pipe, task_id=gold_aggregate, run_id=manual__2026-08-19T22:54:38.610102+00:00, execution_date=20260819T225438, start_date=20260819T225502, end_date=20260819T225503
[2026-08-19T22:55:03.044+0000] {standard_task_runner.py:110} ERROR - Failed to execute job 26 for task gold_aggregate ('oigin_country'; 535)
[2026-08-19T22:55:03.076+0000] {local_task_job_runner.py:243} INFO - Task exited with return code 1
[2026-08-19T22:55:03.105+0000] {taskinstance.py:3503} INFO - 0 downstream tasks scheduled from follow-on schedule check
[2026-08-19T22:55:03.110+0000] {local_task_job_runner.py:222} INFO - ::endgroup::
